rm -rf /home/pulp/project/eegnet-wolf/test/cl/func/transform/build/wolfe/test/test /home/pulp/project/eegnet-wolf/test/cl/func/transform/build/wolfe/test/cl/cluster.o /home/pulp/project/eegnet-wolf/test/cl/func/transform/build/wolfe/test/cl/../../../../src/cl/func/transform.o   /home/pulp/project/eegnet-wolf/test/cl/func/transform/build/wolfe/test/fc/test.o /home/pulp/project/eegnet-wolf/test/cl/func/transform/build/wolfe/test/fc//home/pulp/project/eegnet-wolf/test/cl/func/transform/build/wolfe/rt_conf.o /home/pulp/project/eegnet-wolf/test/cl/func/transform/build/wolfe/test/fc//home/pulp/project/eegnet-wolf/test/cl/func/transform/build/wolfe/rt_pad_conf.o  
plpflags gen --input=wolfe@config_file=chips/wolfe/wolfe.json  --config=platform=gvsoc  --config=**/rt/type=pulp-rt --output-dir=/home/pulp/project/eegnet-wolf/test/cl/func/transform/build/wolfe --makefile=/home/pulp/project/eegnet-wolf/test/cl/func/transform/build/wolfe/config.mk    --app=test 
plpconf --input=wolfe@config_file=chips/wolfe/wolfe.json  --config=platform=gvsoc  --config=**/rt/type=pulp-rt --output=/home/pulp/project/eegnet-wolf/test/cl/func/transform/build/wolfe/config.json 
/bin/riscv32-unknown-elf-gcc  -march=rv32imfcxpulpv2 -mfdiv -D__riscv__ -O3 -g  -fdata-sections -ffunction-sections -I/home/pulp/pulp/pulp-sdk/pkg/sdk/dev/install/include/io -I/home/pulp/pulp/pulp-sdk/pkg/sdk/dev/install/include -include /home/pulp/project/eegnet-wolf/test/cl/func/transform/build/wolfe/cl_config.h    -MMD -MP -c cluster.c -o /home/pulp/project/eegnet-wolf/test/cl/func/transform/build/wolfe/test/cl/cluster.o
/bin/riscv32-unknown-elf-gcc  -march=rv32imfcxpulpv2 -mfdiv -D__riscv__ -O3 -g  -fdata-sections -ffunction-sections -I/home/pulp/pulp/pulp-sdk/pkg/sdk/dev/install/include/io -I/home/pulp/pulp/pulp-sdk/pkg/sdk/dev/install/include -include /home/pulp/project/eegnet-wolf/test/cl/func/transform/build/wolfe/cl_config.h    -MMD -MP -c ../../../../src/cl/func/transform.c -o /home/pulp/project/eegnet-wolf/test/cl/func/transform/build/wolfe/test/cl/../../../../src/cl/func/transform.o
/bin/riscv32-unknown-elf-gcc  -march=rv32imcxpulpslim -DRV_ISA_RV32=1 -D__riscv__ -O3 -g  -fdata-sections -ffunction-sections -I/home/pulp/pulp/pulp-sdk/pkg/sdk/dev/install/include/io -I/home/pulp/pulp/pulp-sdk/pkg/sdk/dev/install/include -include /home/pulp/project/eegnet-wolf/test/cl/func/transform/build/wolfe/fc_config.h    -MMD -MP -c test.c -o /home/pulp/project/eegnet-wolf/test/cl/func/transform/build/wolfe/test/fc/test.o
/bin/riscv32-unknown-elf-gcc  -march=rv32imcxpulpslim -DRV_ISA_RV32=1 -D__riscv__ -O3 -g  -fdata-sections -ffunction-sections -I/home/pulp/pulp/pulp-sdk/pkg/sdk/dev/install/include/io -I/home/pulp/pulp/pulp-sdk/pkg/sdk/dev/install/include -include /home/pulp/project/eegnet-wolf/test/cl/func/transform/build/wolfe/fc_config.h    -MMD -MP -c /home/pulp/project/eegnet-wolf/test/cl/func/transform/build/wolfe/rt_conf.c -o /home/pulp/project/eegnet-wolf/test/cl/func/transform/build/wolfe/test/fc//home/pulp/project/eegnet-wolf/test/cl/func/transform/build/wolfe/rt_conf.o
/bin/riscv32-unknown-elf-gcc  -march=rv32imcxpulpslim -DRV_ISA_RV32=1 -D__riscv__ -O3 -g  -fdata-sections -ffunction-sections -I/home/pulp/pulp/pulp-sdk/pkg/sdk/dev/install/include/io -I/home/pulp/pulp/pulp-sdk/pkg/sdk/dev/install/include -include /home/pulp/project/eegnet-wolf/test/cl/func/transform/build/wolfe/fc_config.h    -MMD -MP -c /home/pulp/project/eegnet-wolf/test/cl/func/transform/build/wolfe/rt_pad_conf.c -o /home/pulp/project/eegnet-wolf/test/cl/func/transform/build/wolfe/test/fc//home/pulp/project/eegnet-wolf/test/cl/func/transform/build/wolfe/rt_pad_conf.o
mkdir -p `dirname /home/pulp/project/eegnet-wolf/test/cl/func/transform/build/wolfe/test/test`
/bin/riscv32-unknown-elf-gcc -march=rv32imfcxpulpv2 -mfdiv -D__riscv__ -MMD -MP -o /home/pulp/project/eegnet-wolf/test/cl/func/transform/build/wolfe/test/test /home/pulp/project/eegnet-wolf/test/cl/func/transform/build/wolfe/test/cl/cluster.o /home/pulp/project/eegnet-wolf/test/cl/func/transform/build/wolfe/test/cl/../../../../src/cl/func/transform.o /home/pulp/project/eegnet-wolf/test/cl/func/transform/build/wolfe/test/fc/test.o /home/pulp/project/eegnet-wolf/test/cl/func/transform/build/wolfe/test/fc//home/pulp/project/eegnet-wolf/test/cl/func/transform/build/wolfe/rt_conf.o /home/pulp/project/eegnet-wolf/test/cl/func/transform/build/wolfe/test/fc//home/pulp/project/eegnet-wolf/test/cl/func/transform/build/wolfe/rt_pad_conf.o -lplpdsp  -nostartfiles -nostdlib -Wl,--gc-sections -L/home/pulp/pulp/pulp-sdk/pkg/sdk/dev/install/rules -Twolfe/link.ld -L/home/pulp/pulp/pulp-sdk/pkg/sdk/dev/install/lib/wolfe -L/home/pulp/pulp/pulp-sdk/pkg/sdk/dev/install/lib/wolfe/wolfe -lrt -lrtio -lrt -lgcc
pulp-run --config-file=wolfe@config_file=chips/wolfe/wolfe.json  --config-opt=platform=gvsoc  --config-opt=**/rt/type=pulp-rt  --config-opt=**/rt/type=pulp-rt --dir=/home/pulp/project/eegnet-wolf/test/cl/func/transform/build/wolfe --binary=test/test prepare
pulp-run --config-file=wolfe@config_file=chips/wolfe/wolfe.json  --config-opt=platform=gvsoc  --config-opt=**/rt/type=pulp-rt  --config-opt=**/rt/type=pulp-rt --dir=/home/pulp/project/eegnet-wolf/test/cl/func/transform/build/wolfe --binary=test/test
## factor: result: OK
## factor: cycles: 10076
## factor: instructions: 3898
## factor: load stalls: 1027
## factor+bias: result: OK
## factor+bias: cycles: 11115
## factor+bias: instructions: 4926
## factor+bias: load stalls: 1027
